// Jest Snapshot v1, https://goo.gl/fbAQLP

exports[`iOS BpkBadge should render correctly docked to the left 1`] = `
<View>
  <View
    style={null}
  >
    <View
      style={
        Array [
          Array [
            Object {
              "paddingHorizontal": 8,
              "paddingVertical": 4,
            },
            Object {
              "backgroundColor": "rgb(0, 215, 117)",
            },
          ],
          Array [
            Object {
              "borderBottomLeftRadius": 4,
              "borderBottomRightRadius": 4,
              "borderTopLeftRadius": 4,
              "borderTopRightRadius": 4,
            },
            Object {
              "borderBottomLeftRadius": 0,
              "borderBottomRightRadius": 4,
              "borderTopLeftRadius": 0,
              "borderTopRightRadius": 0,
            },
          ],
        ]
      }
    >
      <Text
        accessible={true}
        allowFontScaling={true}
        ellipsizeMode="tail"
        style={
          Array [
            Object {
              "color": "rgb(82, 76, 97)",
              "fontFamily": "System",
              "fontSize": 11,
              "fontWeight": "400",
            },
            Array [
              Object {
                "color": "rgb(82, 76, 97)",
              },
            ],
          ]
        }
      >
        Badge
      </Text>
    </View>
  </View>
  <View
    style={null}
  >
    <View
      style={
        Array [
          Array [
            Object {
              "paddingHorizontal": 8,
              "paddingVertical": 4,
            },
            Object {
              "backgroundColor": "rgb(255, 187, 0)",
            },
          ],
          Array [
            Object {
              "borderBottomLeftRadius": 4,
              "borderBottomRightRadius": 4,
              "borderTopLeftRadius": 4,
              "borderTopRightRadius": 4,
            },
            Object {
              "borderBottomLeftRadius": 0,
              "borderBottomRightRadius": 4,
              "borderTopLeftRadius": 0,
              "borderTopRightRadius": 0,
            },
          ],
        ]
      }
    >
      <Text
        accessible={true}
        allowFontScaling={true}
        ellipsizeMode="tail"
        style={
          Array [
            Object {
              "color": "rgb(82, 76, 97)",
              "fontFamily": "System",
              "fontSize": 11,
              "fontWeight": "400",
            },
            Array [
              Object {
                "color": "rgb(82, 76, 97)",
              },
            ],
          ]
        }
      >
        Badge
      </Text>
    </View>
  </View>
  <View
    style={null}
  >
    <View
      style={
        Array [
          Array [
            Object {
              "paddingHorizontal": 8,
              "paddingVertical": 4,
            },
            Object {
              "backgroundColor": "rgb(255, 84, 82)",
            },
          ],
          Array [
            Object {
              "borderBottomLeftRadius": 4,
              "borderBottomRightRadius": 4,
              "borderTopLeftRadius": 4,
              "borderTopRightRadius": 4,
            },
            Object {
              "borderBottomLeftRadius": 0,
              "borderBottomRightRadius": 4,
              "borderTopLeftRadius": 0,
              "borderTopRightRadius": 0,
            },
          ],
        ]
      }
    >
      <Text
        accessible={true}
        allowFontScaling={true}
        ellipsizeMode="tail"
        style={
          Array [
            Object {
              "color": "rgb(82, 76, 97)",
              "fontFamily": "System",
              "fontSize": 11,
              "fontWeight": "400",
            },
            Array [
              Object {
                "color": "rgb(82, 76, 97)",
              },
              Object {
                "color": "rgb(255, 255, 255)",
              },
            ],
          ]
        }
      >
        Badge
      </Text>
    </View>
  </View>
  <View
    style={null}
  >
    <View
      style={
        Array [
          Array [
            Object {
              "paddingHorizontal": 8,
              "paddingVertical": 4,
            },
            Object {
              "backgroundColor": "rgb(243, 242, 245)",
            },
          ],
          Array [
            Object {
              "borderBottomLeftRadius": 4,
              "borderBottomRightRadius": 4,
              "borderTopLeftRadius": 4,
              "borderTopRightRadius": 4,
            },
            Object {
              "borderBottomLeftRadius": 0,
              "borderBottomRightRadius": 4,
              "borderTopLeftRadius": 0,
              "borderTopRightRadius": 0,
            },
          ],
        ]
      }
    >
      <Text
        accessible={true}
        allowFontScaling={true}
        ellipsizeMode="tail"
        style={
          Array [
            Object {
              "color": "rgb(82, 76, 97)",
              "fontFamily": "System",
              "fontSize": 11,
              "fontWeight": "400",
            },
            Array [
              Object {
                "color": "rgb(82, 76, 97)",
              },
            ],
          ]
        }
      >
        Badge
      </Text>
    </View>
  </View>
  <View
    style={null}
  >
    <View
      style={
        Array [
          Array [
            Object {
              "paddingHorizontal": 8,
              "paddingVertical": 4,
            },
            Object {
              "backgroundColor": "rgb(255, 255, 255)",
            },
          ],
          Array [
            Object {
              "borderBottomLeftRadius": 4,
              "borderBottomRightRadius": 4,
              "borderTopLeftRadius": 4,
              "borderTopRightRadius": 4,
            },
            Object {
              "borderBottomLeftRadius": 0,
              "borderBottomRightRadius": 4,
              "borderTopLeftRadius": 0,
              "borderTopRightRadius": 0,
            },
          ],
        ]
      }
    >
      <Text
        accessible={true}
        allowFontScaling={true}
        ellipsizeMode="tail"
        style={
          Array [
            Object {
              "color": "rgb(82, 76, 97)",
              "fontFamily": "System",
              "fontSize": 11,
              "fontWeight": "400",
            },
            Array [
              Object {
                "color": "rgb(82, 76, 97)",
              },
            ],
          ]
        }
      >
        Badge
      </Text>
    </View>
  </View>
  <View
    style={null}
  >
    <View
      style={
        Array [
          Array [
            Object {
              "paddingHorizontal": 8,
              "paddingVertical": 4,
            },
            Object {
              "backgroundColor": "rgba(255, 255, 255, 0.2)",
              "paddingHorizontal": 7,
              "paddingVertical": 3,
            },
          ],
          Array [
            Object {
              "borderColor": "rgb(255, 255, 255)",
              "borderWidth": 1,
            },
          ],
          Array [
            Object {
              "borderBottomLeftRadius": 4,
              "borderBottomRightRadius": 4,
              "borderTopLeftRadius": 4,
              "borderTopRightRadius": 4,
            },
            Object {
              "borderBottomLeftRadius": 0,
              "borderBottomRightRadius": 4,
              "borderTopLeftRadius": 0,
              "borderTopRightRadius": 0,
            },
          ],
        ]
      }
    >
      <Text
        accessible={true}
        allowFontScaling={true}
        ellipsizeMode="tail"
        style={
          Array [
            Object {
              "color": "rgb(82, 76, 97)",
              "fontFamily": "System",
              "fontSize": 11,
              "fontWeight": "400",
            },
            Array [
              Object {
                "color": "rgb(82, 76, 97)",
              },
              Object {
                "color": "rgb(255, 255, 255)",
              },
            ],
          ]
        }
      >
        Badge
      </Text>
    </View>
  </View>
</View>
`;

exports[`iOS BpkBadge should render correctly docked to the right 1`] = `
<View>
  <View
    style={null}
  >
    <View
      style={
        Array [
          Array [
            Object {
              "paddingHorizontal": 8,
              "paddingVertical": 4,
            },
            Object {
              "backgroundColor": "rgb(0, 215, 117)",
            },
          ],
          Array [
            Object {
              "borderBottomLeftRadius": 4,
              "borderBottomRightRadius": 4,
              "borderTopLeftRadius": 4,
              "borderTopRightRadius": 4,
            },
            Object {
              "borderBottomLeftRadius": 4,
              "borderBottomRightRadius": 0,
              "borderTopLeftRadius": 0,
              "borderTopRightRadius": 0,
            },
          ],
        ]
      }
    >
      <Text
        accessible={true}
        allowFontScaling={true}
        ellipsizeMode="tail"
        style={
          Array [
            Object {
              "color": "rgb(82, 76, 97)",
              "fontFamily": "System",
              "fontSize": 11,
              "fontWeight": "400",
            },
            Array [
              Object {
                "color": "rgb(82, 76, 97)",
              },
            ],
          ]
        }
      >
        Badge
      </Text>
    </View>
  </View>
  <View
    style={null}
  >
    <View
      style={
        Array [
          Array [
            Object {
              "paddingHorizontal": 8,
              "paddingVertical": 4,
            },
            Object {
              "backgroundColor": "rgb(255, 187, 0)",
            },
          ],
          Array [
            Object {
              "borderBottomLeftRadius": 4,
              "borderBottomRightRadius": 4,
              "borderTopLeftRadius": 4,
              "borderTopRightRadius": 4,
            },
            Object {
              "borderBottomLeftRadius": 4,
              "borderBottomRightRadius": 0,
              "borderTopLeftRadius": 0,
              "borderTopRightRadius": 0,
            },
          ],
        ]
      }
    >
      <Text
        accessible={true}
        allowFontScaling={true}
        ellipsizeMode="tail"
        style={
          Array [
            Object {
              "color": "rgb(82, 76, 97)",
              "fontFamily": "System",
              "fontSize": 11,
              "fontWeight": "400",
            },
            Array [
              Object {
                "color": "rgb(82, 76, 97)",
              },
            ],
          ]
        }
      >
        Badge
      </Text>
    </View>
  </View>
  <View
    style={null}
  >
    <View
      style={
        Array [
          Array [
            Object {
              "paddingHorizontal": 8,
              "paddingVertical": 4,
            },
            Object {
              "backgroundColor": "rgb(255, 84, 82)",
            },
          ],
          Array [
            Object {
              "borderBottomLeftRadius": 4,
              "borderBottomRightRadius": 4,
              "borderTopLeftRadius": 4,
              "borderTopRightRadius": 4,
            },
            Object {
              "borderBottomLeftRadius": 4,
              "borderBottomRightRadius": 0,
              "borderTopLeftRadius": 0,
              "borderTopRightRadius": 0,
            },
          ],
        ]
      }
    >
      <Text
        accessible={true}
        allowFontScaling={true}
        ellipsizeMode="tail"
        style={
          Array [
            Object {
              "color": "rgb(82, 76, 97)",
              "fontFamily": "System",
              "fontSize": 11,
              "fontWeight": "400",
            },
            Array [
              Object {
                "color": "rgb(82, 76, 97)",
              },
              Object {
                "color": "rgb(255, 255, 255)",
              },
            ],
          ]
        }
      >
        Badge
      </Text>
    </View>
  </View>
  <View
    style={null}
  >
    <View
      style={
        Array [
          Array [
            Object {
              "paddingHorizontal": 8,
              "paddingVertical": 4,
            },
            Object {
              "backgroundColor": "rgb(243, 242, 245)",
            },
          ],
          Array [
            Object {
              "borderBottomLeftRadius": 4,
              "borderBottomRightRadius": 4,
              "borderTopLeftRadius": 4,
              "borderTopRightRadius": 4,
            },
            Object {
              "borderBottomLeftRadius": 4,
              "borderBottomRightRadius": 0,
              "borderTopLeftRadius": 0,
              "borderTopRightRadius": 0,
            },
          ],
        ]
      }
    >
      <Text
        accessible={true}
        allowFontScaling={true}
        ellipsizeMode="tail"
        style={
          Array [
            Object {
              "color": "rgb(82, 76, 97)",
              "fontFamily": "System",
              "fontSize": 11,
              "fontWeight": "400",
            },
            Array [
              Object {
                "color": "rgb(82, 76, 97)",
              },
            ],
          ]
        }
      >
        Badge
      </Text>
    </View>
  </View>
  <View
    style={null}
  >
    <View
      style={
        Array [
          Array [
            Object {
              "paddingHorizontal": 8,
              "paddingVertical": 4,
            },
            Object {
              "backgroundColor": "rgb(255, 255, 255)",
            },
          ],
          Array [
            Object {
              "borderBottomLeftRadius": 4,
              "borderBottomRightRadius": 4,
              "borderTopLeftRadius": 4,
              "borderTopRightRadius": 4,
            },
            Object {
              "borderBottomLeftRadius": 4,
              "borderBottomRightRadius": 0,
              "borderTopLeftRadius": 0,
              "borderTopRightRadius": 0,
            },
          ],
        ]
      }
    >
      <Text
        accessible={true}
        allowFontScaling={true}
        ellipsizeMode="tail"
        style={
          Array [
            Object {
              "color": "rgb(82, 76, 97)",
              "fontFamily": "System",
              "fontSize": 11,
              "fontWeight": "400",
            },
            Array [
              Object {
                "color": "rgb(82, 76, 97)",
              },
            ],
          ]
        }
      >
        Badge
      </Text>
    </View>
  </View>
  <View
    style={null}
  >
    <View
      style={
        Array [
          Array [
            Object {
              "paddingHorizontal": 8,
              "paddingVertical": 4,
            },
            Object {
              "backgroundColor": "rgba(255, 255, 255, 0.2)",
              "paddingHorizontal": 7,
              "paddingVertical": 3,
            },
          ],
          Array [
            Object {
              "borderColor": "rgb(255, 255, 255)",
              "borderWidth": 1,
            },
          ],
          Array [
            Object {
              "borderBottomLeftRadius": 4,
              "borderBottomRightRadius": 4,
              "borderTopLeftRadius": 4,
              "borderTopRightRadius": 4,
            },
            Object {
              "borderBottomLeftRadius": 4,
              "borderBottomRightRadius": 0,
              "borderTopLeftRadius": 0,
              "borderTopRightRadius": 0,
            },
          ],
        ]
      }
    >
      <Text
        accessible={true}
        allowFontScaling={true}
        ellipsizeMode="tail"
        style={
          Array [
            Object {
              "color": "rgb(82, 76, 97)",
              "fontFamily": "System",
              "fontSize": 11,
              "fontWeight": "400",
            },
            Array [
              Object {
                "color": "rgb(82, 76, 97)",
              },
              Object {
                "color": "rgb(255, 255, 255)",
              },
            ],
          ]
        }
      >
        Badge
      </Text>
    </View>
  </View>
</View>
`;

exports[`iOS BpkBadge should render correctly in normal mode 1`] = `
<View>
  <View
    style={null}
  >
    <View
      style={
        Array [
          Array [
            Object {
              "paddingHorizontal": 8,
              "paddingVertical": 4,
            },
            Object {
              "backgroundColor": "rgb(0, 215, 117)",
            },
          ],
          Array [
            Object {
              "borderBottomLeftRadius": 4,
              "borderBottomRightRadius": 4,
              "borderTopLeftRadius": 4,
              "borderTopRightRadius": 4,
            },
          ],
        ]
      }
    >
      <Text
        accessible={true}
        allowFontScaling={true}
        ellipsizeMode="tail"
        style={
          Array [
            Object {
              "color": "rgb(82, 76, 97)",
              "fontFamily": "System",
              "fontSize": 11,
              "fontWeight": "400",
            },
            Array [
              Object {
                "color": "rgb(82, 76, 97)",
              },
            ],
          ]
        }
      >
        Badge
      </Text>
    </View>
  </View>
  <View
    style={null}
  >
    <View
      style={
        Array [
          Array [
            Object {
              "paddingHorizontal": 8,
              "paddingVertical": 4,
            },
            Object {
              "backgroundColor": "rgb(255, 187, 0)",
            },
          ],
          Array [
            Object {
              "borderBottomLeftRadius": 4,
              "borderBottomRightRadius": 4,
              "borderTopLeftRadius": 4,
              "borderTopRightRadius": 4,
            },
          ],
        ]
      }
    >
      <Text
        accessible={true}
        allowFontScaling={true}
        ellipsizeMode="tail"
        style={
          Array [
            Object {
              "color": "rgb(82, 76, 97)",
              "fontFamily": "System",
              "fontSize": 11,
              "fontWeight": "400",
            },
            Array [
              Object {
                "color": "rgb(82, 76, 97)",
              },
            ],
          ]
        }
      >
        Badge
      </Text>
    </View>
  </View>
  <View
    style={null}
  >
    <View
      style={
        Array [
          Array [
            Object {
              "paddingHorizontal": 8,
              "paddingVertical": 4,
            },
            Object {
              "backgroundColor": "rgb(255, 84, 82)",
            },
          ],
          Array [
            Object {
              "borderBottomLeftRadius": 4,
              "borderBottomRightRadius": 4,
              "borderTopLeftRadius": 4,
              "borderTopRightRadius": 4,
            },
          ],
        ]
      }
    >
      <Text
        accessible={true}
        allowFontScaling={true}
        ellipsizeMode="tail"
        style={
          Array [
            Object {
              "color": "rgb(82, 76, 97)",
              "fontFamily": "System",
              "fontSize": 11,
              "fontWeight": "400",
            },
            Array [
              Object {
                "color": "rgb(82, 76, 97)",
              },
              Object {
                "color": "rgb(255, 255, 255)",
              },
            ],
          ]
        }
      >
        Badge
      </Text>
    </View>
  </View>
  <View
    style={null}
  >
    <View
      style={
        Array [
          Array [
            Object {
              "paddingHorizontal": 8,
              "paddingVertical": 4,
            },
            Object {
              "backgroundColor": "rgb(243, 242, 245)",
            },
          ],
          Array [
            Object {
              "borderBottomLeftRadius": 4,
              "borderBottomRightRadius": 4,
              "borderTopLeftRadius": 4,
              "borderTopRightRadius": 4,
            },
          ],
        ]
      }
    >
      <Text
        accessible={true}
        allowFontScaling={true}
        ellipsizeMode="tail"
        style={
          Array [
            Object {
              "color": "rgb(82, 76, 97)",
              "fontFamily": "System",
              "fontSize": 11,
              "fontWeight": "400",
            },
            Array [
              Object {
                "color": "rgb(82, 76, 97)",
              },
            ],
          ]
        }
      >
        Badge
      </Text>
    </View>
  </View>
  <View
    style={null}
  >
    <View
      style={
        Array [
          Array [
            Object {
              "paddingHorizontal": 8,
              "paddingVertical": 4,
            },
            Object {
              "backgroundColor": "rgb(255, 255, 255)",
            },
          ],
          Array [
            Object {
              "borderBottomLeftRadius": 4,
              "borderBottomRightRadius": 4,
              "borderTopLeftRadius": 4,
              "borderTopRightRadius": 4,
            },
          ],
        ]
      }
    >
      <Text
        accessible={true}
        allowFontScaling={true}
        ellipsizeMode="tail"
        style={
          Array [
            Object {
              "color": "rgb(82, 76, 97)",
              "fontFamily": "System",
              "fontSize": 11,
              "fontWeight": "400",
            },
            Array [
              Object {
                "color": "rgb(82, 76, 97)",
              },
            ],
          ]
        }
      >
        Badge
      </Text>
    </View>
  </View>
  <View
    style={null}
  >
    <View
      style={
        Array [
          Array [
            Object {
              "paddingHorizontal": 8,
              "paddingVertical": 4,
            },
            Object {
              "backgroundColor": "rgba(255, 255, 255, 0.2)",
              "paddingHorizontal": 7,
              "paddingVertical": 3,
            },
          ],
          Array [
            Object {
              "borderColor": "rgb(255, 255, 255)",
              "borderWidth": 1,
            },
          ],
          Array [
            Object {
              "borderBottomLeftRadius": 4,
              "borderBottomRightRadius": 4,
              "borderTopLeftRadius": 4,
              "borderTopRightRadius": 4,
            },
          ],
        ]
      }
    >
      <Text
        accessible={true}
        allowFontScaling={true}
        ellipsizeMode="tail"
        style={
          Array [
            Object {
              "color": "rgb(82, 76, 97)",
              "fontFamily": "System",
              "fontSize": 11,
              "fontWeight": "400",
            },
            Array [
              Object {
                "color": "rgb(82, 76, 97)",
              },
              Object {
                "color": "rgb(255, 255, 255)",
              },
            ],
          ]
        }
      >
        Badge
      </Text>
    </View>
  </View>
</View>
`;

exports[`iOS BpkBadge should render correctly with user provided style 1`] = `
<View>
  <View
    style={
      Object {
        "margin": 4,
      }
    }
  >
    <View
      style={
        Array [
          Array [
            Object {
              "paddingHorizontal": 8,
              "paddingVertical": 4,
            },
            Object {
              "backgroundColor": "rgb(0, 215, 117)",
            },
          ],
          Array [
            Object {
              "borderBottomLeftRadius": 4,
              "borderBottomRightRadius": 4,
              "borderTopLeftRadius": 4,
              "borderTopRightRadius": 4,
            },
          ],
        ]
      }
    >
      <Text
        accessible={true}
        allowFontScaling={true}
        ellipsizeMode="tail"
        style={
          Array [
            Object {
              "color": "rgb(82, 76, 97)",
              "fontFamily": "System",
              "fontSize": 11,
              "fontWeight": "400",
            },
            Array [
              Object {
                "color": "rgb(82, 76, 97)",
              },
            ],
          ]
        }
      >
        Badge
      </Text>
    </View>
  </View>
  <View
    style={
      Object {
        "margin": 4,
      }
    }
  >
    <View
      style={
        Array [
          Array [
            Object {
              "paddingHorizontal": 8,
              "paddingVertical": 4,
            },
            Object {
              "backgroundColor": "rgb(255, 187, 0)",
            },
          ],
          Array [
            Object {
              "borderBottomLeftRadius": 4,
              "borderBottomRightRadius": 4,
              "borderTopLeftRadius": 4,
              "borderTopRightRadius": 4,
            },
          ],
        ]
      }
    >
      <Text
        accessible={true}
        allowFontScaling={true}
        ellipsizeMode="tail"
        style={
          Array [
            Object {
              "color": "rgb(82, 76, 97)",
              "fontFamily": "System",
              "fontSize": 11,
              "fontWeight": "400",
            },
            Array [
              Object {
                "color": "rgb(82, 76, 97)",
              },
            ],
          ]
        }
      >
        Badge
      </Text>
    </View>
  </View>
  <View
    style={
      Object {
        "margin": 4,
      }
    }
  >
    <View
      style={
        Array [
          Array [
            Object {
              "paddingHorizontal": 8,
              "paddingVertical": 4,
            },
            Object {
              "backgroundColor": "rgb(255, 84, 82)",
            },
          ],
          Array [
            Object {
              "borderBottomLeftRadius": 4,
              "borderBottomRightRadius": 4,
              "borderTopLeftRadius": 4,
              "borderTopRightRadius": 4,
            },
          ],
        ]
      }
    >
      <Text
        accessible={true}
        allowFontScaling={true}
        ellipsizeMode="tail"
        style={
          Array [
            Object {
              "color": "rgb(82, 76, 97)",
              "fontFamily": "System",
              "fontSize": 11,
              "fontWeight": "400",
            },
            Array [
              Object {
                "color": "rgb(82, 76, 97)",
              },
              Object {
                "color": "rgb(255, 255, 255)",
              },
            ],
          ]
        }
      >
        Badge
      </Text>
    </View>
  </View>
  <View
    style={
      Object {
        "margin": 4,
      }
    }
  >
    <View
      style={
        Array [
          Array [
            Object {
              "paddingHorizontal": 8,
              "paddingVertical": 4,
            },
            Object {
              "backgroundColor": "rgb(243, 242, 245)",
            },
          ],
          Array [
            Object {
              "borderBottomLeftRadius": 4,
              "borderBottomRightRadius": 4,
              "borderTopLeftRadius": 4,
              "borderTopRightRadius": 4,
            },
          ],
        ]
      }
    >
      <Text
        accessible={true}
        allowFontScaling={true}
        ellipsizeMode="tail"
        style={
          Array [
            Object {
              "color": "rgb(82, 76, 97)",
              "fontFamily": "System",
              "fontSize": 11,
              "fontWeight": "400",
            },
            Array [
              Object {
                "color": "rgb(82, 76, 97)",
              },
            ],
          ]
        }
      >
        Badge
      </Text>
    </View>
  </View>
  <View
    style={
      Object {
        "margin": 4,
      }
    }
  >
    <View
      style={
        Array [
          Array [
            Object {
              "paddingHorizontal": 8,
              "paddingVertical": 4,
            },
            Object {
              "backgroundColor": "rgb(255, 255, 255)",
            },
          ],
          Array [
            Object {
              "borderBottomLeftRadius": 4,
              "borderBottomRightRadius": 4,
              "borderTopLeftRadius": 4,
              "borderTopRightRadius": 4,
            },
          ],
        ]
      }
    >
      <Text
        accessible={true}
        allowFontScaling={true}
        ellipsizeMode="tail"
        style={
          Array [
            Object {
              "color": "rgb(82, 76, 97)",
              "fontFamily": "System",
              "fontSize": 11,
              "fontWeight": "400",
            },
            Array [
              Object {
                "color": "rgb(82, 76, 97)",
              },
            ],
          ]
        }
      >
        Badge
      </Text>
    </View>
  </View>
  <View
    style={
      Object {
        "margin": 4,
      }
    }
  >
    <View
      style={
        Array [
          Array [
            Object {
              "paddingHorizontal": 8,
              "paddingVertical": 4,
            },
            Object {
              "backgroundColor": "rgba(255, 255, 255, 0.2)",
              "paddingHorizontal": 7,
              "paddingVertical": 3,
            },
          ],
          Array [
            Object {
              "borderColor": "rgb(255, 255, 255)",
              "borderWidth": 1,
            },
          ],
          Array [
            Object {
              "borderBottomLeftRadius": 4,
              "borderBottomRightRadius": 4,
              "borderTopLeftRadius": 4,
              "borderTopRightRadius": 4,
            },
          ],
        ]
      }
    >
      <Text
        accessible={true}
        allowFontScaling={true}
        ellipsizeMode="tail"
        style={
          Array [
            Object {
              "color": "rgb(82, 76, 97)",
              "fontFamily": "System",
              "fontSize": 11,
              "fontWeight": "400",
            },
            Array [
              Object {
                "color": "rgb(82, 76, 97)",
              },
              Object {
                "color": "rgb(255, 255, 255)",
              },
            ],
          ]
        }
      >
        Badge
      </Text>
    </View>
  </View>
</View>
`;
